f_accessory.c:244:13:req_put	48	static
f_accessory.c:255:28:req_get	32	static
f_accessory.c:405:12:acc_hid_open	0	static
f_accessory.c:414:12:acc_hid_raw_request	0	static
f_accessory.c:832:13:acc_complete_setup_noop	0	static
f_accessory.c:1371:13:acc_free	0	static
f_accessory.c:1384:29:acc_alloc	32	static
f_accessory.c:768:12:acc_open	32	static
f_accessory.c:374:13:acc_complete_send_hid_event	16	static
f_accessory.c:303:13:acc_complete_set_string	64	static
f_accessory.c:1016:1:kill_all_hid_devices	32	static
f_accessory.c:351:13:acc_complete_set_hid_report_desc	48	static
f_accessory.c:235:13:acc_request_free	32	static
f_accessory.c:1403:1:accessorymod_exit	16	static
f_accessory.c:1197:13:acc_function_disable	32	static
f_accessory.c:1162:12:acc_function_set_alt	48	static
f_accessory.c:1050:1:acc_function_unbind	32	static
f_accessory.c:290:13:acc_complete_out	32	static
f_accessory.c:276:13:acc_complete_in	48	static
f_accessory.c:1297:13:acc_attr_release	16	static
f_accessory.c:1337:13:acc_free_inst	32	static
f_accessory.c:779:12:acc_release	32	static
f_accessory.c:729:13:acc_ioctl	48	static
f_accessory.c:568:16:acc_read	144	static
f_accessory.c:654:16:acc_write	160	static
f_accessory.c:1318:12:acc_set_inst_name	32	static
f_accessory.c:1346:38:acc_alloc_inst	64	static
f_accessory.c:1107:13:acc_hid_work	128	static
f_accessory.c:388:12:acc_hid_parse	16	static
f_accessory.c:1068:13:acc_start_work	32	static
f_accessory.c:1403:1:accessorymod_init	16	static
f_accessory.c:804:12:acc_hid_probe	32	static
f_accessory.c:215:28:acc_request_new.constprop	32	static
f_accessory.c:1010:1:acc_function_bind_configfs	80	static
f_accessory.c:396:12:acc_hid_start	0	static
f_accessory.c:401:13:acc_hid_stop	0	static
f_accessory.c:410:13:acc_hid_close	0	static
f_accessory.c:840:5:acc_ctrlrequest	80	static
f_accessory.c:1376:5:acc_ctrlrequest_configfs	16	static
f_accessory.c:1278:6:acc_disconnect	16	static
