f_ecm.c:615:12:ecm_get_alt	0	static
f_ecm.c:843:1:f_ecm_opts_attr_show	16	static
f_ecm.c:843:1:f_ecm_opts_attr_store	16	static
f_ecm.c:971:1:ecmmod_exit	16	static
f_ecm.c:904:13:ecm_free	32	static
f_ecm.c:378:13:ecm_do_notify	48	static
f_ecm.c:671:13:ecm_close	32	static
f_ecm.c:661:13:ecm_open	32	static
f_ecm.c:446:13:ecm_notify_complete	32	static
f_ecm.c:624:13:ecm_disable	32	static
f_ecm.c:469:12:ecm_setup	80	static
f_ecm.c:534:12:ecm_set_alt	48	static
f_ecm.c:917:13:ecm_unbind	32	static
f_ecm.c:929:29:ecm_alloc	48	static
f_ecm.c:686:1:ecm_bind	80	static
f_ecm.c:855:1:ecm_opts_ifname_show	48	static
f_ecm.c:852:1:ecm_opts_qmult_store	64	static
f_ecm.c:852:1:ecm_opts_qmult_show	48	static
f_ecm.c:849:1:ecm_opts_host_addr_store	48	static
f_ecm.c:849:1:ecm_opts_host_addr_show	48	static
f_ecm.c:846:1:ecm_opts_dev_addr_store	48	static
f_ecm.c:846:1:ecm_opts_dev_addr_show	48	static
f_ecm.c:843:1:ecm_attr_release	16	static
f_ecm.c:871:13:ecm_free_inst	32	static
f_ecm.c:883:38:ecm_alloc_inst	32	static
f_ecm.c:971:1:ecmmod_init	16	static
