f_eem.c:545:1:f_eem_opts_attr_show	16	static
f_eem.c:545:1:f_eem_opts_attr_store	16	static
f_eem.c:170:12:eem_setup	16	static
f_eem.c:340:13:eem_cmd_complete	16	static
f_eem.c:401:12:eem_unwrap	96	static
f_eem.c:352:24:eem_wrap	48	static
f_eem.c:233:13:eem_disable	32	static
f_eem.c:187:12:eem_set_alt	48	static
f_eem.c:627:1:eem_old_unbind	32	static
f_eem.c:619:13:eem_unbind	32	static
f_eem.c:606:13:eem_free	32	static
f_eem.c:248:12:eem_bind	80	static
f_eem.c:688:29:eem_alloc	48	static
f_eem.c:721:1:eemmod_exit	16	static
f_eem.c:557:1:eem_opts_ifname_show	48	static
f_eem.c:554:1:eem_opts_qmult_store	64	static
f_eem.c:554:1:eem_opts_qmult_show	48	static
f_eem.c:551:1:eem_opts_host_addr_store	48	static
f_eem.c:551:1:eem_opts_host_addr_show	48	static
f_eem.c:548:1:eem_opts_dev_addr_store	48	static
f_eem.c:548:1:eem_opts_dev_addr_show	48	static
f_eem.c:545:1:eem_attr_release	16	static
f_eem.c:573:13:eem_free_inst	32	static
f_eem.c:585:38:eem_alloc_inst	32	static
f_eem.c:721:1:eemmod_init	16	static
f_eem.c:646:5:eem_bind_config	48	static
