f_fs.c:567:13:ffs_ep0_ioctl	16	static
f_fs.c:2163:12:__ffs_data_do_os_desc	0	static
f_fs.c:3144:24:_ffs_do_find_dev	48	static
f_fs.c:3594:1:ffsmod_exit	16	static
f_fs.c:537:12:ffs_ep0_open	0	static
f_fs.c:1023:12:ffs_aio_cancel	32	static
f_fs.c:3290:13:ffs_free	16	static
f_fs.c:1000:1:ffs_epfile_open	16	static
f_fs.c:1694:13:ffs_epfiles_destroy	48	static
f_fs.c:197:13:ffs_ep0_complete	16	static
f_fs.c:2703:12:__ffs_func_bind_do_os_desc	64	static
f_fs.c:2648:12:__ffs_func_bind_do_nums	48	static
f_fs.c:1956:25:ffs_do_descs	96	static
f_fs.c:2099:25:ffs_do_os_descs	128	static
f_fs.c:3339:29:ffs_alloc	16	static
f_fs.c:3196:13:ffs_attr_release	16	static
f_fs.c:3215:13:ffs_free_inst	48	static
f_fs.c:1121:13:ffs_epfile_ioctl	48	static
f_fs.c:3568:14:ffs_prepare_buffer	48	static
f_fs.c:204:12:__ffs_ep0_queue_wait	48	static
f_fs.c:640:13:ffs_epfile_io_complete	16	static
f_fs.c:654:13:ffs_user_copy_worker	64	static
f_fs.c:698:13:ffs_epfile_async_io_complete	16	static
f_fs.c:1203:1:ffs_sb_make_inode	80	static
f_fs.c:1235:23:ffs_sb_create_file	64	static
f_fs.c:1272:12:ffs_sb_fill	48	static
f_fs.c:3228:12:ffs_set_inst_name	64	static
f_fs.c:3264:38:ffs_alloc_inst	64	static
f_fs.c:3594:1:ffsmod_init	16	static
f_fs.c:1993:12:__ffs_data_do_entity	0	static
f_fs.c:3475:13:ffs_release_dev.isra.2	32	static
f_fs.c:1714:13:ffs_func_eps_disable.isra.4	64	static
f_fs.c:2480:13:__ffs_event_add	16	static
f_fs.c:2538:13:ffs_event_add	48	static
f_fs.c:3111:13:ffs_func_resume	16	static
f_fs.c:3105:13:ffs_func_suspend	16	static
f_fs.c:3010:12:ffs_func_set_alt	96	static
f_fs.c:3044:13:ffs_func_disable	16	static
f_fs.c:3049:12:ffs_func_setup	64	static
f_fs.c:1563:13:ffs_data_clear	48	static
f_fs.c:1511:13:ffs_data_put	32	static
f_fs.c:3295:13:ffs_func_unbind	64	static
f_fs.c:1526:13:ffs_data_closed	32	static
f_fs.c:556:12:ffs_ep0_release	16	static
f_fs.c:1107:1:ffs_epfile_release	32	static
f_fs.c:1443:1:ffs_fs_kill_sb	32	static
f_fs.c:2559:12:__ffs_func_bind_do_descs	80	static
f_fs.c:2996:12:ffs_func_bind	176	static
f_fs.c:240:12:__ffs_ep0_stall	32	static
f_fs.c:3561:12:ffs_mutex_lock	16	static
f_fs.c:587:21:ffs_ep0_poll	32	static
f_fs.c:709:16:ffs_epfile_io	176	static
f_fs.c:1043:16:ffs_epfile_aio_write	48	static
f_fs.c:1070:16:ffs_epfile_aio_read	64	static
f_fs.c:969:1:ffs_epfile_write	128	static
f_fs.c:985:1:ffs_epfile_read	128	static
f_fs.c:430:16:ffs_ep0_read	144	dynamic
f_fs.c:253:16:ffs_ep0_write	160	static
f_fs.c:1393:1:ffs_fs_mount	144	static
f_fs.c:3411:5:ffs_name_dev	48	static
f_fs.c:3423:5:ffs_single_dev	48	static
