f_mass_storage.c:2725:13:fsg_lun_release	0	static
f_mass_storage.c:3374:1:fsg_lun_opts_attr_show	16	static
f_mass_storage.c:3374:1:fsg_lun_opts_attr_store	16	static
f_mass_storage.c:3582:1:fsg_opts_attr_show	16	static
f_mass_storage.c:3582:1:fsg_opts_attr_store	16	static
f_mass_storage.c:2778:13:_fsg_common_free_buffers	48	static
f_mass_storage.c:3376:13:fsg_lun_attr_release	16	static
f_mass_storage.c:421:13:raise_exception	48	static
f_mass_storage.c:2406:13:fsg_disable	16	static
f_mass_storage.c:2398:12:fsg_set_alt	16	static
f_mass_storage.c:2704:16:file_store	16	static
f_mass_storage.c:3399:16:fsg_lun_opts_file_store	16	static
f_mass_storage.c:2678:16:file_show	16	static
f_mass_storage.c:3390:16:fsg_lun_opts_file_show	16	static
f_mass_storage.c:2687:16:ro_store	16	static
f_mass_storage.c:3418:16:fsg_lun_opts_ro_store	16	static
f_mass_storage.c:2663:16:ro_show	16	static
f_mass_storage.c:3413:16:fsg_lun_opts_ro_show	16	static
f_mass_storage.c:2696:16:nofua_store	16	static
f_mass_storage.c:3474:16:fsg_lun_opts_nofua_store	16	static
f_mass_storage.c:2670:16:nofua_show	16	static
f_mass_storage.c:3469:16:fsg_lun_opts_nofua_show	16	static
f_mass_storage.c:388:12:fsg_set_halt	32	static
f_mass_storage.c:493:13:bulk_out_complete	48	static
f_mass_storage.c:444:12:ep0_queue	32	static
f_mass_storage.c:463:13:bulk_in_complete	48	static
f_mass_storage.c:632:12:sleep_thread	64	static
f_mass_storage.c:1465:12:halt_bulk_in_endpoint	32	static
f_mass_storage.c:1733:12:check_command	112	static
f_mass_storage.c:3800:1:mass_storagemod_exit	16	static
f_mass_storage.c:3774:29:fsg_alloc	48	static
f_mass_storage.c:3759:13:fsg_free	48	static
f_mass_storage.c:3597:16:fsg_opts_stall_show	48	static
f_mass_storage.c:514:12:fsg_setup	32	static
f_mass_storage.c:3346:13:fsg_unbind	96	static
f_mass_storage.c:3608:16:fsg_opts_stall_store	64	static
f_mass_storage.c:3584:13:fsg_attr_release	16	static
f_mass_storage.c:3454:16:fsg_lun_opts_cdrom_store	16	static
f_mass_storage.c:3449:16:fsg_lun_opts_cdrom_show	16	static
f_mass_storage.c:3438:16:fsg_lun_opts_removable_store	16	static
f_mass_storage.c:3432:16:fsg_lun_opts_removable_show	16	static
f_mass_storage.c:3800:1:mass_storagemod_init	16	static
f_mass_storage.c:2289:12:alloc_request.isra.6	48	static
f_mass_storage.c:2300:12:do_set_interface	112	static
f_mass_storage.c:583:13:start_transfer.isra.8	64	static
f_mass_storage.c:623:13:start_out_transfer.isra.9	16	static
f_mass_storage.c:809:12:do_write	144	static
f_mass_storage.c:614:13:start_in_transfer.isra.10	16	static
f_mass_storage.c:1666:12:send_status	48	static
f_mass_storage.c:2416:13:handle_exception	208	static
f_mass_storage.c:668:12:do_read	128	static
f_mass_storage.c:1274:12:do_mode_sense.isra.14	0	static
f_mass_storage.c:2575:12:fsg_main_thread	160	static
f_mass_storage.c:2730:6:fsg_common_get	32	static
f_mass_storage.c:2736:6:fsg_common_put	80	static
f_mass_storage.c:3702:13:fsg_free_inst	32	static
f_mass_storage.c:2772:6:fsg_common_set_sysfs	0	static
f_mass_storage.c:2790:5:fsg_common_set_num_buffers	64	static
f_mass_storage.c:2866:6:fsg_common_remove_lun	48	static
f_mass_storage.c:2877:13:_fsg_common_remove_luns	48	static
f_mass_storage.c:3557:13:fsg_lun_drop	48	static
f_mass_storage.c:2889:6:fsg_common_remove_luns	16	static
f_mass_storage.c:2894:6:fsg_common_free_luns	48	static
f_mass_storage.c:2907:5:fsg_common_set_nluns	48	static
f_mass_storage.c:2933:6:fsg_common_set_ops	0	static
f_mass_storage.c:2940:6:fsg_common_free_buffers	32	static
f_mass_storage.c:2947:5:fsg_common_set_cdev	32	static
f_mass_storage.c:3012:5:fsg_common_create_lun	96	static
f_mass_storage.c:3711:38:fsg_alloc_inst	80	static
f_mass_storage.c:3499:29:fsg_lun_make	96	static
f_mass_storage.c:3099:5:fsg_common_create_luns	80	static
f_mass_storage.c:3121:6:fsg_common_set_inquiry_string	16	static
f_mass_storage.c:3138:5:fsg_common_run_thread	32	static
f_mass_storage.c:3271:12:fsg_bind	48	static
f_mass_storage.c:3192:5:fsg_sysfs_update	112	static
f_mass_storage.c:3229:9:fsg_inquiry_show	16	static
f_mass_storage.c:3233:9:fsg_inquiry_store	32	static
f_mass_storage.c:3243:9:fsg_bicr_show	16	static
f_mass_storage.c:3247:9:fsg_bicr_store	48	static
f_mass_storage.c:3807:6:fsg_config_from_params	0	static
