f_mtp.c:426:13:mtp_req_put	48	static
f_mtp.c:438:2:mtp_req_get	32	static
f_mtp.c:1651:13:mtp_free	0	static
f_mtp.c:1158:12:mtp_release	16	static
f_mtp.c:1144:12:mtp_open	32	static
f_mtp.c:402:13:mtp_request_free	32	static
f_mtp.c:1358:1:mtp_function_unbind	32	static
f_mtp.c:1551:13:mtp_attr_release	16	static
f_mtp.c:1592:13:mtp_free_inst	48	static
f_mtp.c:1041:13:mtp_ioctl	144	static
f_mtp.c:680:16:mtp_write	176	static
f_mtp.c:1572:12:mtp_set_inst_name	32	static
f_mtp.c:887:13:receive_file_work	176	static
f_mtp.c:773:13:send_file_work	176	static
f_mtp.c:1420:13:mtp_function_disable	32	static
f_mtp.c:477:13:mtp_complete_intr	32	static
f_mtp.c:466:13:mtp_complete_out	16	static
f_mtp.c:454:13:mtp_complete_in	32	static
f_mtp.c:1376:12:mtp_function_set_alt	48	static
f_mtp.c:1705:1:mtpmod_exit	16	static
f_mtp.c:1705:1:mtpmod_init	16	static
f_mtp.c:1645:12:mtp_ctrlreq_configfs	80	static
f_mtp.c:1285:1:mtp_function_bind	96	static
f_mtp.c:561:6:mtp_dbg_dump	32	static
f_mtp.c:573:16:mtp_read	160	static
f_mtp.c:1603:31:alloc_inst_mtp_ptp	80	static
f_mtp.c:1640:38:mtp_alloc_inst	16	static
f_mtp.c:1656:22:function_alloc_mtp_ptp	16	static
f_mtp.c:1700:29:mtp_alloc	16	static
