f_ncm.c:883:12:ncm_get_alt	0	static
f_ncm.c:1094:13:ncm_tx_tasklet	32	static
f_ncm.c:1489:1:f_ncm_opts_attr_show	16	static
f_ncm.c:1489:1:f_ncm_opts_attr_store	16	static
f_ncm.c:1627:1:ncmmod_exit	16	static
f_ncm.c:1550:13:ncm_free	32	static
f_ncm.c:1128:12:ncm_unwrap_ntb	128	static
f_ncm.c:892:24:package_for_tx	64	static
f_ncm.c:952:24:ncm_wrap_ntb	96	static
f_ncm.c:583:13:ncm_ep0out_complete	32	static
f_ncm.c:474:13:ncm_do_notify	64	static
f_ncm.c:1325:13:ncm_close	32	static
f_ncm.c:1313:13:ncm_open	32	static
f_ncm.c:557:13:ncm_notify_complete	64	static
f_ncm.c:1273:13:ncm_disable	32	static
f_ncm.c:613:12:ncm_setup	80	static
f_ncm.c:796:12:ncm_set_alt	48	static
f_ncm.c:1563:13:ncm_unbind	32	static
f_ncm.c:1121:29:ncm_tx_timeout	32	static
f_ncm.c:1579:29:ncm_alloc	48	static
f_ncm.c:1341:12:ncm_bind	96	static
f_ncm.c:1501:1:ncm_opts_ifname_show	48	static
f_ncm.c:1498:1:ncm_opts_qmult_store	64	static
f_ncm.c:1498:1:ncm_opts_qmult_show	48	static
f_ncm.c:1495:1:ncm_opts_host_addr_store	48	static
f_ncm.c:1495:1:ncm_opts_host_addr_show	48	static
f_ncm.c:1492:1:ncm_opts_dev_addr_store	48	static
f_ncm.c:1492:1:ncm_opts_dev_addr_show	48	static
f_ncm.c:1489:1:ncm_attr_release	16	static
f_ncm.c:1517:13:ncm_free_inst	32	static
f_ncm.c:1529:38:ncm_alloc_inst	32	static
f_ncm.c:1627:1:ncmmod_init	16	static
