f_rndis.c:1049:1:f_rndis_opts_attr_show	16	static
f_rndis.c:1049:1:f_rndis_opts_attr_store	16	static
f_rndis.c:423:13:rndis_response_available	32	static
f_rndis.c:449:13:rndis_response_complete	48	static
f_rndis.c:706:13:rndis_disable	48	static
f_rndis.c:533:1:rndis_setup	112	static
f_rndis.c:493:13:rndis_command_complete	32	static
f_rndis.c:627:12:rndis_set_alt	48	static
f_rndis.c:959:1:rndis_old_unbind	32	static
f_rndis.c:1138:13:rndis_unbind	32	static
f_rndis.c:746:13:rndis_close	32	static
f_rndis.c:733:13:rndis_open	48	static
f_rndis.c:769:1:rndis_bind	96	static
f_rndis.c:1077:13:rndis_free_inst	32	static
f_rndis.c:1151:29:rndis_alloc	48	static
f_rndis.c:1124:13:rndis_free	32	static
f_rndis.c:1061:1:rndis_opts_ifname_show	48	static
f_rndis.c:1058:1:rndis_opts_qmult_store	64	static
f_rndis.c:1058:1:rndis_opts_qmult_show	48	static
f_rndis.c:1055:1:rndis_opts_host_addr_store	48	static
f_rndis.c:1055:1:rndis_opts_host_addr_show	48	static
f_rndis.c:1052:1:rndis_opts_dev_addr_store	48	static
f_rndis.c:1052:1:rndis_opts_dev_addr_show	48	static
f_rndis.c:1049:1:rndis_attr_release	16	static
f_rndis.c:1093:38:rndis_alloc_inst	48	static
f_rndis.c:1215:20:rndis_mod_exit	16	static
f_rndis.c:388:24:rndis_add_header	32	static
f_rndis.c:1203:19:rndis_mod_init	16	static
f_rndis.c:976:1:rndis_bind_config_vendor	64	static
f_rndis.c:1028:6:rndis_borrow_net	32	static
