f_sourcesink.c:1056:12:sourcesink_get_alt	0	static
f_sourcesink.c:1191:1:f_ss_opts_attr_show	16	static
f_sourcesink.c:1191:1:f_ss_opts_attr_store	16	static
f_sourcesink.c:1704:20:sslb_modexit	16	static
f_sourcesink.c:678:1:sourcesink_free_func	48	static
f_sourcesink.c:1661:13:source_sink_free_instance	16	static
f_sourcesink.c:1072:12:sourcesink_setup	32	static
f_sourcesink.c:469:1:sourcesink_bind	96	static
f_sourcesink.c:1144:29:source_sink_alloc_func	48	static
f_sourcesink.c:1669:38:source_sink_alloc_inst	32	static
f_sourcesink.c:1608:16:f_ss_opts_int_maxburst_store	64	static
f_sourcesink.c:1564:16:f_ss_opts_int_mult_store	64	static
f_sourcesink.c:1393:16:f_ss_opts_isoc_maxburst_store	64	static
f_sourcesink.c:1349:16:f_ss_opts_isoc_mult_store	64	static
f_sourcesink.c:1261:16:f_ss_opts_isoc_interval_store	64	static
f_sourcesink.c:1217:16:f_ss_opts_pattern_store	64	static
f_sourcesink.c:1597:16:f_ss_opts_int_maxburst_show	48	static
f_sourcesink.c:1553:16:f_ss_opts_int_mult_show	48	static
f_sourcesink.c:1509:16:f_ss_opts_int_maxpacket_show	48	static
f_sourcesink.c:1465:16:f_ss_opts_int_interval_show	48	static
f_sourcesink.c:1426:16:f_ss_opts_bulk_buflen_show	48	static
f_sourcesink.c:1382:16:f_ss_opts_isoc_maxburst_show	48	static
f_sourcesink.c:1338:16:f_ss_opts_isoc_mult_show	48	static
f_sourcesink.c:1294:16:f_ss_opts_isoc_maxpacket_show	48	static
f_sourcesink.c:1250:16:f_ss_opts_isoc_interval_show	48	static
f_sourcesink.c:1206:16:f_ss_opts_pattern_show	48	static
f_sourcesink.c:1520:16:f_ss_opts_int_maxpacket_store	64	static
f_sourcesink.c:1305:16:f_ss_opts_isoc_maxpacket_store	64	static
f_sourcesink.c:1476:16:f_ss_opts_int_interval_store	64	static
f_sourcesink.c:1437:16:f_ss_opts_bulk_buflen_store	64	static
f_sourcesink.c:1193:13:ss_attr_release	16	static
f_sourcesink.c:438:13:disable_ep.isra.0	32	static
f_sourcesink.c:693:12:check_read_data.isra.1	32	static
f_sourcesink.c:748:13:source_sink_complete	48	static
f_sourcesink.c:803:12:source_sink_start_ep	112	static
f_sourcesink.c:1692:19:sslb_modinit	32	static
f_sourcesink.c:451:6:disable_endpoints	64	static
f_sourcesink.c:879:13:disable_source_sink	16	static
f_sourcesink.c:1063:13:sourcesink_disable	16	static
f_sourcesink.c:1043:12:sourcesink_set_alt	64	static
