u_ether.c:393:12:prealloc	80	static
u_ether.c:199:13:eth_get_drvinfo	32	static
u_ether.c:179:12:ueth_change_mtu	48	static
u_ether.c:980:12:eth_stop	64	static
u_ether.c:740:20:eth_start_xmit	208	static
u_ether.c:562:13:tx_complete	64	static
u_ether.c:500:13:process_rx_w	64	static
u_ether.c:1592:20:gether_exit	32	static
u_ether.c:1032:12:get_ether_addr	80	static
u_ether.c:1575:19:gether_init	32	static
u_ether.c:220:13:defer_kevent.constprop	32	static
u_ether.c:234:1:rx_submit	80	static
u_ether.c:469:13:rx_fill	80	static
u_ether.c:950:13:eth_start	32	static
u_ether.c:962:12:eth_open	32	static
u_ether.c:551:13:process_rx_w1	16	static
u_ether.c:538:13:eth_work	32	static
u_ether.c:307:13:rx_complete	64	static
u_ether.c:1105:17:gether_setup_name	80	static
u_ether.c:1174:20:gether_setup_name_default	32	static
u_ether.c:1213:5:gether_register_netdev	64	static
u_ether.c:1251:6:gether_set_gadget	0	static
u_ether.c:1261:5:gether_set_dev_addr	48	static
u_ether.c:1274:5:gether_get_dev_addr	32	static
u_ether.c:1283:5:gether_set_host_addr	48	static
u_ether.c:1296:5:gether_get_host_addr	32	static
u_ether.c:1305:5:gether_get_host_addr_cdc	32	static
u_ether.c:1319:6:gether_get_host_addr_u8	0	static
u_ether.c:1328:6:gether_set_qmult	0	static
u_ether.c:1337:10:gether_get_qmult	0	static
u_ether.c:1346:5:gether_get_ifname	48	static
u_ether.c:1355:6:gether_update_dl_max_xfer_size	32	static
u_ether.c:1371:6:gether_cleanup	32	static
u_ether.c:1398:20:gether_connect	64	static
u_ether.c:1491:6:gether_disconnect	80	static
