configfs.c:391:1:gadget_info_attr_show	16	static
configfs.c:391:1:gadget_info_attr_store	16	static
configfs.c:497:1:config_usb_cfg_attr_show	16	static
configfs.c:497:1:config_usb_cfg_attr_store	16	static
configfs.c:677:1:gadget_config_name_attr_show	16	static
configfs.c:677:1:gadget_config_name_attr_store	16	static
configfs.c:786:1:gadget_strings_attr_show	16	static
configfs.c:786:1:gadget_strings_attr_store	16	static
configfs.c:795:1:os_desc_attr_show	16	static
configfs.c:795:1:os_desc_attr_store	16	static
configfs.c:982:1:usb_os_desc_attr_show	16	static
configfs.c:982:1:usb_os_desc_attr_store	16	static
configfs.c:992:1:usb_os_desc_ext_prop_attr_show	16	static
configfs.c:992:1:usb_os_desc_ext_prop_attr_store	16	static
configfs.c:1185:16:interf_grp_compatible_id_show	0	static
configfs.c:1216:16:interf_grp_sub_compatible_id_show	0	static
configfs.c:252:16:gadget_dev_desc_bcdUSB_store	48	static
configfs.c:235:16:gadget_dev_desc_bcdDevice_store	48	static
configfs.c:219:1:gadget_dev_desc_idProduct_store	48	static
configfs.c:218:1:gadget_dev_desc_idVendor_store	48	static
configfs.c:514:16:gadget_config_desc_MaxPower_store	48	static
configfs.c:1040:16:ext_prop_data_show	32	static
configfs.c:865:16:os_desc_qw_sign_show	0	static
configfs.c:1223:16:interf_grp_sub_compatible_id_store	48	static
configfs.c:1192:16:interf_grp_compatible_id_store	48	static
configfs.c:916:12:os_desc_link	48	static
configfs.c:1101:13:usb_os_desc_ext_prop_release	16	static
configfs.c:910:13:os_desc_attr_release	16	static
configfs.c:774:13:gadget_strings_attr_release	32	static
configfs.c:667:13:gadget_config_name_attr_release	32	static
configfs.c:1159:13:ext_prop_drop	32	static
configfs.c:787:1:gadget_strings_strings_drop	16	static
configfs.c:634:13:function_drop	32	static
configfs.c:1054:16:ext_prop_data_store	64	static
configfs.c:1000:16:ext_prop_type_store	64	static
configfs.c:217:1:gadget_dev_desc_bMaxPacketSize0_store	48	static
configfs.c:216:1:gadget_dev_desc_bDeviceProtocol_store	48	static
configfs.c:215:1:gadget_dev_desc_bDeviceSubClass_store	48	static
configfs.c:214:1:gadget_dev_desc_bDeviceClass_store	48	static
configfs.c:840:16:os_desc_b_vendor_code_store	64	static
configfs.c:534:16:gadget_config_desc_bmAttributes_store	48	static
configfs.c:994:16:ext_prop_type_show	16	static
configfs.c:1623:16:state_show	48	static
configfs.c:269:16:gadget_dev_desc_UDC_show	16	static
configfs.c:213:1:gadget_dev_desc_bcdUSB_show	16	static
configfs.c:220:1:gadget_dev_desc_bcdDevice_show	16	static
configfs.c:219:1:gadget_dev_desc_idProduct_show	16	static
configfs.c:218:1:gadget_dev_desc_idVendor_show	16	static
configfs.c:217:1:gadget_dev_desc_bMaxPacketSize0_show	16	static
configfs.c:216:1:gadget_dev_desc_bDeviceProtocol_show	16	static
configfs.c:215:1:gadget_dev_desc_bDeviceSubClass_show	16	static
configfs.c:214:1:gadget_dev_desc_bDeviceClass_show	16	static
configfs.c:831:16:os_desc_b_vendor_code_show	16	static
configfs.c:797:16:os_desc_use_show	16	static
configfs.c:765:1:gadget_strings_serialnumber_show	16	static
configfs.c:764:1:gadget_strings_product_show	16	static
configfs.c:763:1:gadget_strings_manufacturer_show	16	static
configfs.c:660:1:gadget_config_name_configuration_show	16	static
configfs.c:528:16:gadget_config_desc_bmAttributes_show	16	static
configfs.c:508:16:gadget_config_desc_MaxPower_show	16	static
configfs.c:1114:28:ext_prop_make	64	static
configfs.c:1806:19:gadget_cfs_init	32	static
configfs.c:1770:13:gadgets_drop	48	static
configfs.c:380:13:gadget_info_attr_release	32	static
configfs.c:1307:12:configfs_do_nothing	16	static
configfs.c:399:13:gadget_config_attr_release	32	static
configfs.c:1584:13:android_disconnect	32	static
configfs.c:1543:12:android_setup	80	static
configfs.c:1319:13:purge_configs_funcs	80	static
configfs.c:1525:13:configfs_composite_unbind	32	static
configfs.c:1346:12:configfs_composite_bind	112	static
configfs.c:876:16:os_desc_qw_sign_store	64	static
configfs.c:806:16:os_desc_use_store	64	static
configfs.c:136:12:usb_string_copy	48	static
configfs.c:765:1:gadget_strings_serialnumber_store	32	static
configfs.c:764:1:gadget_strings_product_store	32	static
configfs.c:763:1:gadget_strings_manufacturer_store	32	static
configfs.c:660:1:gadget_config_name_configuration_store	32	static
configfs.c:680:29:config_desc_make	112	static
configfs.c:409:12:config_usb_cfg_link	64	static
configfs.c:585:29:function_make	96	static
configfs.c:1705:29:gadgets_make	80	static
configfs.c:1472:13:android_work	96	static
configfs.c:1824:20:gadget_cfs_exit	16	static
configfs.c:274:12:unregister_gadget	32	static
configfs.c:289:16:gadget_dev_desc_UDC_store	64	static
configfs.c:951:12:os_desc_unlink	48	static
configfs.c:460:12:config_usb_cfg_unlink	64	static
configfs.c:745:13:config_desc_drop	16	static
configfs.c:678:1:gadget_config_name_strings_drop	16	static
configfs.c:26:16:create_function_device	16	static
configfs.c:37:5:check_user_usb_string	48	static
configfs.c:787:1:gadget_strings_strings_make	48	static
configfs.c:678:1:gadget_config_name_strings_make	48	static
configfs.c:1253:5:usb_os_desc_prepare_interf_dir	96	static
configfs.c:1796:6:unregister_gadget_item	32	static
